---
source: crates/vue_oxc_toolkit/src/test.rs
expression: result
---
data_origin: source
param: item

data_origin: source1
param: item1

data_origin: source2
param: (item2, index2)

data_origin: source3
param: (item3 = '1', index3 = 99)

data_origin: users4
param: { id4, name4 }

data_origin: users5
param: ({ id5, name5 }, index)

data_origin: users6
param: ({ id6 = 1, name6 = 'Liang' }, index)

data_origin: someObj7
param: (key7, value7, index7)

data_origin: someIter8
param: [item8, index8]

data_origin: someIter9
param: [item9 = 'hi', index9]
