---
source: crates/vue_oxc_toolkit/src/test.rs
expression: result
---
Program: Program {
    span: Span {
        start: 0,
        end: 129,
    },
    source_text: "<template>\n  <div :key=\"() => { return { a =1, b = 1 } }\"></div>\n</template>\n\n<script lang=\"ts\" setup></script>\n\n<style></style>\n",
    comments: Vec(
        [],
    ),
    hashbang: None,
    directives: Vec(
        [],
    ),
    body: Vec(
        [
            ExportDefaultDeclaration(
                ExportDefaultDeclaration {
                    span: Span {
                        start: 0,
                        end: 0,
                    },
                    declaration: ObjectExpression(
                        ObjectExpression {
                            span: Span {
                                start: 0,
                                end: 0,
                            },
                            properties: Vec(
                                [
                                    ObjectProperty(
                                        ObjectProperty {
                                            span: Span {
                                                start: 0,
                                                end: 0,
                                            },
                                            key: StaticIdentifier(
                                                IdentifierName {
                                                    span: Span {
                                                        start: 0,
                                                        end: 0,
                                                    },
                                                    name: "setup",
                                                },
                                            ),
                                            value: FunctionExpression(
                                                Function {
                                                    span: Span {
                                                        start: 0,
                                                        end: 0,
                                                    },
                                                    id: None,
                                                    type_parameters: None,
                                                    this_param: None,
                                                    params: FormalParameters {
                                                        span: Span {
                                                            start: 0,
                                                            end: 0,
                                                        },
                                                        items: Vec(
                                                            [],
                                                        ),
                                                        rest: None,
                                                        kind: UniqueFormalParameters,
                                                    },
                                                    return_type: None,
                                                    body: Some(
                                                        FunctionBody {
                                                            span: Span {
                                                                start: 0,
                                                                end: 0,
                                                            },
                                                            directives: Vec(
                                                                [],
                                                            ),
                                                            statements: Vec(
                                                                [
                                                                    ReturnStatement(
                                                                        ReturnStatement {
                                                                            span: Span {
                                                                                start: 0,
                                                                                end: 0,
                                                                            },
                                                                            argument: Some(
                                                                                JSXFragment(
                                                                                    JSXFragment {
                                                                                        span: Span {
                                                                                            start: 0,
                                                                                            end: 0,
                                                                                        },
                                                                                        opening_fragment: JSXOpeningFragment {
                                                                                            span: Span {
                                                                                                start: 0,
                                                                                                end: 0,
                                                                                            },
                                                                                        },
                                                                                        children: Vec(
                                                                                            [
                                                                                                Element(
                                                                                                    JSXElement {
                                                                                                        span: Span {
                                                                                                            start: 0,
                                                                                                            end: 76,
                                                                                                        },
                                                                                                        opening_element: JSXOpeningElement {
                                                                                                            span: Span {
                                                                                                                start: 0,
                                                                                                                end: 10,
                                                                                                            },
                                                                                                            name: Identifier(
                                                                                                                JSXIdentifier {
                                                                                                                    span: Span {
                                                                                                                        start: 1,
                                                                                                                        end: 9,
                                                                                                                    },
                                                                                                                    name: "template",
                                                                                                                },
                                                                                                            ),
                                                                                                            type_arguments: None,
                                                                                                            attributes: Vec(
                                                                                                                [],
                                                                                                            ),
                                                                                                        },
                                                                                                        children: Vec(
                                                                                                            [
                                                                                                                Text(
                                                                                                                    JSXText {
                                                                                                                        span: Span {
                                                                                                                            start: 10,
                                                                                                                            end: 13,
                                                                                                                        },
                                                                                                                        value: "\n  ",
                                                                                                                        raw: Some(
                                                                                                                            "\n  ",
                                                                                                                        ),
                                                                                                                    },
                                                                                                                ),
                                                                                                                Element(
                                                                                                                    JSXElement {
                                                                                                                        span: Span {
                                                                                                                            start: 13,
                                                                                                                            end: 64,
                                                                                                                        },
                                                                                                                        opening_element: JSXOpeningElement {
                                                                                                                            span: Span {
                                                                                                                                start: 13,
                                                                                                                                end: 58,
                                                                                                                            },
                                                                                                                            name: Identifier(
                                                                                                                                JSXIdentifier {
                                                                                                                                    span: Span {
                                                                                                                                        start: 14,
                                                                                                                                        end: 17,
                                                                                                                                    },
                                                                                                                                    name: "div",
                                                                                                                                },
                                                                                                                            ),
                                                                                                                            type_arguments: None,
                                                                                                                            attributes: Vec(
                                                                                                                                [
                                                                                                                                    Attribute(
                                                                                                                                        JSXAttribute {
                                                                                                                                            span: Span {
                                                                                                                                                start: 18,
                                                                                                                                                end: 57,
                                                                                                                                            },
                                                                                                                                            name: NamespacedName(
                                                                                                                                                JSXNamespacedName {
                                                                                                                                                    span: Span {
                                                                                                                                                        start: 18,
                                                                                                                                                        end: 22,
                                                                                                                                                    },
                                                                                                                                                    namespace: JSXIdentifier {
                                                                                                                                                        span: Span {
                                                                                                                                                            start: 18,
                                                                                                                                                            end: 19,
                                                                                                                                                        },
                                                                                                                                                        name: "v-bind",
                                                                                                                                                    },
                                                                                                                                                    name: JSXIdentifier {
                                                                                                                                                        span: Span {
                                                                                                                                                            start: 19,
                                                                                                                                                            end: 22,
                                                                                                                                                        },
                                                                                                                                                        name: "key",
                                                                                                                                                    },
                                                                                                                                                },
                                                                                                                                            ),
                                                                                                                                            value: Some(
                                                                                                                                                ExpressionContainer(
                                                                                                                                                    JSXExpressionContainer {
                                                                                                                                                        span: Span {
                                                                                                                                                            start: 24,
                                                                                                                                                            end: 56,
                                                                                                                                                        },
                                                                                                                                                        expression: ArrowFunctionExpression(
                                                                                                                                                            ArrowFunctionExpression {
                                                                                                                                                                span: Span {
                                                                                                                                                                    start: 24,
                                                                                                                                                                    end: 56,
                                                                                                                                                                },
                                                                                                                                                                type_parameters: None,
                                                                                                                                                                params: FormalParameters {
                                                                                                                                                                    span: Span {
                                                                                                                                                                        start: 24,
                                                                                                                                                                        end: 26,
                                                                                                                                                                    },
                                                                                                                                                                    items: Vec(
                                                                                                                                                                        [],
                                                                                                                                                                    ),
                                                                                                                                                                    rest: None,
                                                                                                                                                                    kind: ArrowFormalParameters,
                                                                                                                                                                },
                                                                                                                                                                return_type: None,
                                                                                                                                                                body: FunctionBody {
                                                                                                                                                                    span: Span {
                                                                                                                                                                        start: 30,
                                                                                                                                                                        end: 56,
                                                                                                                                                                    },
                                                                                                                                                                    directives: Vec(
                                                                                                                                                                        [],
                                                                                                                                                                    ),
                                                                                                                                                                    statements: Vec(
                                                                                                                                                                        [
                                                                                                                                                                            ReturnStatement(
                                                                                                                                                                                ReturnStatement {
                                                                                                                                                                                    span: Span {
                                                                                                                                                                                        start: 32,
                                                                                                                                                                                        end: 54,
                                                                                                                                                                                    },
                                                                                                                                                                                    argument: Some(
                                                                                                                                                                                        ObjectExpression(
                                                                                                                                                                                            ObjectExpression {
                                                                                                                                                                                                span: Span {
                                                                                                                                                                                                    start: 39,
                                                                                                                                                                                                    end: 54,
                                                                                                                                                                                                },
                                                                                                                                                                                                properties: Vec(
                                                                                                                                                                                                    [
                                                                                                                                                                                                        ObjectProperty(
                                                                                                                                                                                                            ObjectProperty {
                                                                                                                                                                                                                span: Span {
                                                                                                                                                                                                                    start: 41,
                                                                                                                                                                                                                    end: 45,
                                                                                                                                                                                                                },
                                                                                                                                                                                                                key: StaticIdentifier(
                                                                                                                                                                                                                    IdentifierName {
                                                                                                                                                                                                                        span: Span {
                                                                                                                                                                                                                            start: 41,
                                                                                                                                                                                                                            end: 42,
                                                                                                                                                                                                                        },
                                                                                                                                                                                                                        name: "a",
                                                                                                                                                                                                                    },
                                                                                                                                                                                                                ),
                                                                                                                                                                                                                value: Identifier(
                                                                                                                                                                                                                    IdentifierReference {
                                                                                                                                                                                                                        span: Span {
                                                                                                                                                                                                                            start: 41,
                                                                                                                                                                                                                            end: 42,
                                                                                                                                                                                                                        },
                                                                                                                                                                                                                        name: "a",
                                                                                                                                                                                                                        reference_id: Cell {
                                                                                                                                                                                                                            value: None,
                                                                                                                                                                                                                        },
                                                                                                                                                                                                                    },
                                                                                                                                                                                                                ),
                                                                                                                                                                                                                kind: Init,
                                                                                                                                                                                                                method: false,
                                                                                                                                                                                                                shorthand: true,
                                                                                                                                                                                                                computed: false,
                                                                                                                                                                                                            },
                                                                                                                                                                                                        ),
                                                                                                                                                                                                        ObjectProperty(
                                                                                                                                                                                                            ObjectProperty {
                                                                                                                                                                                                                span: Span {
                                                                                                                                                                                                                    start: 47,
                                                                                                                                                                                                                    end: 52,
                                                                                                                                                                                                                },
                                                                                                                                                                                                                key: StaticIdentifier(
                                                                                                                                                                                                                    IdentifierName {
                                                                                                                                                                                                                        span: Span {
                                                                                                                                                                                                                            start: 47,
                                                                                                                                                                                                                            end: 48,
                                                                                                                                                                                                                        },
                                                                                                                                                                                                                        name: "b",
                                                                                                                                                                                                                    },
                                                                                                                                                                                                                ),
                                                                                                                                                                                                                value: Identifier(
                                                                                                                                                                                                                    IdentifierReference {
                                                                                                                                                                                                                        span: Span {
                                                                                                                                                                                                                            start: 47,
                                                                                                                                                                                                                            end: 48,
                                                                                                                                                                                                                        },
                                                                                                                                                                                                                        name: "b",
                                                                                                                                                                                                                        reference_id: Cell {
                                                                                                                                                                                                                            value: None,
                                                                                                                                                                                                                        },
                                                                                                                                                                                                                    },
                                                                                                                                                                                                                ),
                                                                                                                                                                                                                kind: Init,
                                                                                                                                                                                                                method: false,
                                                                                                                                                                                                                shorthand: true,
                                                                                                                                                                                                                computed: false,
                                                                                                                                                                                                            },
                                                                                                                                                                                                        ),
                                                                                                                                                                                                    ],
                                                                                                                                                                                                ),
                                                                                                                                                                                            },
                                                                                                                                                                                        ),
                                                                                                                                                                                    ),
                                                                                                                                                                                },
                                                                                                                                                                            ),
                                                                                                                                                                        ],
                                                                                                                                                                    ),
                                                                                                                                                                },
                                                                                                                                                                scope_id: Cell {
                                                                                                                                                                    value: None,
                                                                                                                                                                },
                                                                                                                                                                expression: false,
                                                                                                                                                                async: false,
                                                                                                                                                                pure: false,
                                                                                                                                                                pife: true,
                                                                                                                                                            },
                                                                                                                                                        ),
                                                                                                                                                    },
                                                                                                                                                ),
                                                                                                                                            ),
                                                                                                                                        },
                                                                                                                                    ),
                                                                                                                                ],
                                                                                                                            ),
                                                                                                                        },
                                                                                                                        children: Vec(
                                                                                                                            [],
                                                                                                                        ),
                                                                                                                        closing_element: Some(
                                                                                                                            JSXClosingElement {
                                                                                                                                span: Span {
                                                                                                                                    start: 58,
                                                                                                                                    end: 64,
                                                                                                                                },
                                                                                                                                name: Identifier(
                                                                                                                                    JSXIdentifier {
                                                                                                                                        span: Span {
                                                                                                                                            start: 60,
                                                                                                                                            end: 63,
                                                                                                                                        },
                                                                                                                                        name: "div",
                                                                                                                                    },
                                                                                                                                ),
                                                                                                                            },
                                                                                                                        ),
                                                                                                                    },
                                                                                                                ),
                                                                                                                Text(
                                                                                                                    JSXText {
                                                                                                                        span: Span {
                                                                                                                            start: 64,
                                                                                                                            end: 65,
                                                                                                                        },
                                                                                                                        value: "\n",
                                                                                                                        raw: Some(
                                                                                                                            "\n",
                                                                                                                        ),
                                                                                                                    },
                                                                                                                ),
                                                                                                            ],
                                                                                                        ),
                                                                                                        closing_element: Some(
                                                                                                            JSXClosingElement {
                                                                                                                span: Span {
                                                                                                                    start: 65,
                                                                                                                    end: 76,
                                                                                                                },
                                                                                                                name: Identifier(
                                                                                                                    JSXIdentifier {
                                                                                                                        span: Span {
                                                                                                                            start: 67,
                                                                                                                            end: 75,
                                                                                                                        },
                                                                                                                        name: "template",
                                                                                                                    },
                                                                                                                ),
                                                                                                            },
                                                                                                        ),
                                                                                                    },
                                                                                                ),
                                                                                                Element(
                                                                                                    JSXElement {
                                                                                                        span: Span {
                                                                                                            start: 78,
                                                                                                            end: 111,
                                                                                                        },
                                                                                                        opening_element: JSXOpeningElement {
                                                                                                            span: Span {
                                                                                                                start: 78,
                                                                                                                end: 102,
                                                                                                            },
                                                                                                            name: Identifier(
                                                                                                                JSXIdentifier {
                                                                                                                    span: Span {
                                                                                                                        start: 79,
                                                                                                                        end: 85,
                                                                                                                    },
                                                                                                                    name: "script",
                                                                                                                },
                                                                                                            ),
                                                                                                            type_arguments: None,
                                                                                                            attributes: Vec(
                                                                                                                [
                                                                                                                    Attribute(
                                                                                                                        JSXAttribute {
                                                                                                                            span: Span {
                                                                                                                                start: 86,
                                                                                                                                end: 95,
                                                                                                                            },
                                                                                                                            name: Identifier(
                                                                                                                                JSXIdentifier {
                                                                                                                                    span: Span {
                                                                                                                                        start: 86,
                                                                                                                                        end: 90,
                                                                                                                                    },
                                                                                                                                    name: "lang",
                                                                                                                                },
                                                                                                                            ),
                                                                                                                            value: Some(
                                                                                                                                StringLiteral(
                                                                                                                                    StringLiteral {
                                                                                                                                        span: Span {
                                                                                                                                            start: 92,
                                                                                                                                            end: 94,
                                                                                                                                        },
                                                                                                                                        value: "ts",
                                                                                                                                        raw: None,
                                                                                                                                        lone_surrogates: false,
                                                                                                                                    },
                                                                                                                                ),
                                                                                                                            ),
                                                                                                                        },
                                                                                                                    ),
                                                                                                                    Attribute(
                                                                                                                        JSXAttribute {
                                                                                                                            span: Span {
                                                                                                                                start: 96,
                                                                                                                                end: 101,
                                                                                                                            },
                                                                                                                            name: Identifier(
                                                                                                                                JSXIdentifier {
                                                                                                                                    span: Span {
                                                                                                                                        start: 96,
                                                                                                                                        end: 101,
                                                                                                                                    },
                                                                                                                                    name: "setup",
                                                                                                                                },
                                                                                                                            ),
                                                                                                                            value: None,
                                                                                                                        },
                                                                                                                    ),
                                                                                                                ],
                                                                                                            ),
                                                                                                        },
                                                                                                        children: Vec(
                                                                                                            [],
                                                                                                        ),
                                                                                                        closing_element: Some(
                                                                                                            JSXClosingElement {
                                                                                                                span: Span {
                                                                                                                    start: 102,
                                                                                                                    end: 111,
                                                                                                                },
                                                                                                                name: Identifier(
                                                                                                                    JSXIdentifier {
                                                                                                                        span: Span {
                                                                                                                            start: 104,
                                                                                                                            end: 110,
                                                                                                                        },
                                                                                                                        name: "script",
                                                                                                                    },
                                                                                                                ),
                                                                                                            },
                                                                                                        ),
                                                                                                    },
                                                                                                ),
                                                                                            ],
                                                                                        ),
                                                                                        closing_fragment: JSXClosingFragment {
                                                                                            span: Span {
                                                                                                start: 0,
                                                                                                end: 0,
                                                                                            },
                                                                                        },
                                                                                    },
                                                                                ),
                                                                            ),
                                                                        },
                                                                    ),
                                                                ],
                                                            ),
                                                        },
                                                    ),
                                                    scope_id: Cell {
                                                        value: None,
                                                    },
                                                    type: FunctionExpression,
                                                    generator: false,
                                                    async: false,
                                                    declare: false,
                                                    pure: false,
                                                    pife: false,
                                                },
                                            ),
                                            kind: Init,
                                            method: true,
                                            shorthand: false,
                                            computed: false,
                                        },
                                    ),
                                ],
                            ),
                        },
                    ),
                },
            ),
        ],
    ),
    scope_id: Cell {
        value: None,
    },
    source_type: SourceType {
        language: TypeScript,
        module_kind: Module,
        variant: Jsx,
    },
}
Errors: [
    OxcDiagnostic {
        inner: OxcDiagnosticInner {
            message: "Invalid assignment in object literal",
            labels: Some(
                [
                    LabeledSpan {
                        label: None,
                        span: SourceSpan {
                            offset: SourceOffset(
                                41,
                            ),
                            length: 4,
                        },
                        primary: false,
                    },
                ],
            ),
            help: Some(
                "Did you mean to use a ':'? An '=' can only follow a property name when the containing object literal is part of a destructuring pattern.",
            ),
            note: None,
            severity: Error,
            code: OxcCode {
                scope: None,
                number: None,
            },
            url: None,
        },
    },
    OxcDiagnostic {
        inner: OxcDiagnosticInner {
            message: "Invalid assignment in object literal",
            labels: Some(
                [
                    LabeledSpan {
                        label: None,
                        span: SourceSpan {
                            offset: SourceOffset(
                                47,
                            ),
                            length: 5,
                        },
                        primary: false,
                    },
                ],
            ),
            help: Some(
                "Did you mean to use a ':'? An '=' can only follow a property name when the containing object literal is part of a destructuring pattern.",
            ),
            note: None,
            severity: Error,
            code: OxcCode {
                scope: None,
                number: None,
            },
            url: None,
        },
    },
]
JS: export default { setup() {
	return <><template>
  <div v-bind:key={(() => {
		return {
			a,
			b
		};
	})}></div>
</template><script lang="ts" setup></script></>;
} };

Node Locations:
Slice: "<template>\n  <div :key=\"() => { return {..[OMIT]..g=\"ts\" setup></script>\n\n<style></style>\n"; 
Span: (0, 129); 
Type: Program; 

Slice: "<template>\n  <div :key=\"() => { return { a =1, b = 1 } }\"></div>\n</template>"; 
Span: (0, 76); 
Type: JSXElement; 

Slice: "<template>"; 
Span: (0, 10); 
Type: JSXOpeningElement; 

Slice: "template"; 
Span: (1, 9); 
Type: JSXIdentifier; 

Slice: "\n  "; 
Span: (10, 13); 
Type: JSXText; 

Slice: "<div :key=\"() => { return { a =1, b = 1 } }\"></div>"; 
Span: (13, 64); 
Type: JSXElement; 

Slice: "<div :key=\"() => { return { a =1, b = 1 } }\">"; 
Span: (13, 58); 
Type: JSXOpeningElement; 

Slice: "div"; 
Span: (14, 17); 
Type: JSXIdentifier; 

Slice: ":key=\"() => { return { a =1, b = 1 } }\""; 
Span: (18, 57); 
Type: JSXAttribute; 

Slice: ":key"; 
Span: (18, 22); 
Type: JSXNamespacedName; 

Slice: ":"; 
Span: (18, 19); 
Type: JSXIdentifier; 

Slice: "key"; 
Span: (19, 22); 
Type: JSXIdentifier; 

Slice: "() => { return { a =1, b = 1 } }"; 
Span: (24, 56); 
Type: JSXExpressionContainer; 

Slice: "() => { return { a =1, b = 1 } }"; 
Span: (24, 56); 
Type: ArrowFunctionExpression; 

Slice: "()"; 
Span: (24, 26); 
Type: FormalParameters; 

Slice: "{ return { a =1, b = 1 } }"; 
Span: (30, 56); 
Type: FunctionBody; 

Slice: "return { a =1, b = 1 }"; 
Span: (32, 54); 
Type: ReturnStatement; 

Slice: "{ a =1, b = 1 }"; 
Span: (39, 54); 
Type: ObjectExpression; 

Slice: "a =1"; 
Span: (41, 45); 
Type: ObjectProperty; 

Slice: "a"; 
Span: (41, 42); 
Type: IdentifierName; 

Slice: "a"; 
Span: (41, 42); 
Type: IdentifierReference; 

Slice: "b = 1"; 
Span: (47, 52); 
Type: ObjectProperty; 

Slice: "b"; 
Span: (47, 48); 
Type: IdentifierName; 

Slice: "b"; 
Span: (47, 48); 
Type: IdentifierReference; 

Slice: "</div>"; 
Span: (58, 64); 
Type: JSXClosingElement; 

Slice: "div"; 
Span: (60, 63); 
Type: JSXIdentifier; 

Slice: "\n"; 
Span: (64, 65); 
Type: JSXText; 

Slice: "</template>"; 
Span: (65, 76); 
Type: JSXClosingElement; 

Slice: "template"; 
Span: (67, 75); 
Type: JSXIdentifier; 

Slice: "<script lang=\"ts\" setup></script>"; 
Span: (78, 111); 
Type: JSXElement; 

Slice: "<script lang=\"ts\" setup>"; 
Span: (78, 102); 
Type: JSXOpeningElement; 

Slice: "script"; 
Span: (79, 85); 
Type: JSXIdentifier; 

Slice: "lang=\"ts\""; 
Span: (86, 95); 
Type: JSXAttribute; 

Slice: "lang"; 
Span: (86, 90); 
Type: JSXIdentifier; 

Slice: "ts"; 
Span: (92, 94); 
Type: StringLiteral; 

Slice: "setup"; 
Span: (96, 101); 
Type: JSXAttribute; 

Slice: "setup"; 
Span: (96, 101); 
Type: JSXIdentifier; 

Slice: "</script>"; 
Span: (102, 111); 
Type: JSXClosingElement; 

Slice: "script"; 
Span: (104, 110); 
Type: JSXIdentifier;
