---
source: crates/vue_oxc_toolkit/src/test.rs
expression: result
---
Program: Program {
    span: Span {
        start: 0,
        end: 161,
    },
    source_text: "<script lang=\"ts\" setup>\nconst a = someFunction<{ msg: 1 }>()\n</script>\n\n<template>\n  <div>{{ a.msg }}</div>\n  <div> I think 1 < 2, isn't it? </div>\n</template>\n",
    comments: Vec(
        [],
    ),
    hashbang: None,
    directives: Vec(
        [],
    ),
    body: Vec(
        [
            VariableDeclaration(
                VariableDeclaration {
                    span: Span {
                        start: 25,
                        end: 61,
                    },
                    declarations: Vec(
                        [
                            VariableDeclarator {
                                span: Span {
                                    start: 31,
                                    end: 61,
                                },
                                id: BindingIdentifier(
                                    BindingIdentifier {
                                        span: Span {
                                            start: 31,
                                            end: 32,
                                        },
                                        name: "a",
                                        symbol_id: Cell {
                                            value: None,
                                        },
                                    },
                                ),
                                type_annotation: None,
                                init: Some(
                                    CallExpression(
                                        CallExpression {
                                            span: Span {
                                                start: 35,
                                                end: 61,
                                            },
                                            callee: Identifier(
                                                IdentifierReference {
                                                    span: Span {
                                                        start: 35,
                                                        end: 47,
                                                    },
                                                    name: "someFunction",
                                                    reference_id: Cell {
                                                        value: None,
                                                    },
                                                },
                                            ),
                                            type_arguments: Some(
                                                TSTypeParameterInstantiation {
                                                    span: Span {
                                                        start: 47,
                                                        end: 59,
                                                    },
                                                    params: Vec(
                                                        [
                                                            TSTypeLiteral(
                                                                TSTypeLiteral {
                                                                    span: Span {
                                                                        start: 48,
                                                                        end: 58,
                                                                    },
                                                                    members: Vec(
                                                                        [
                                                                            TSPropertySignature(
                                                                                TSPropertySignature {
                                                                                    span: Span {
                                                                                        start: 50,
                                                                                        end: 56,
                                                                                    },
                                                                                    key: StaticIdentifier(
                                                                                        IdentifierName {
                                                                                            span: Span {
                                                                                                start: 50,
                                                                                                end: 53,
                                                                                            },
                                                                                            name: "msg",
                                                                                        },
                                                                                    ),
                                                                                    type_annotation: Some(
                                                                                        TSTypeAnnotation {
                                                                                            span: Span {
                                                                                                start: 53,
                                                                                                end: 56,
                                                                                            },
                                                                                            type_annotation: TSLiteralType(
                                                                                                TSLiteralType {
                                                                                                    span: Span {
                                                                                                        start: 55,
                                                                                                        end: 56,
                                                                                                    },
                                                                                                    literal: NumericLiteral(
                                                                                                        NumericLiteral {
                                                                                                            span: Span {
                                                                                                                start: 55,
                                                                                                                end: 56,
                                                                                                            },
                                                                                                            value: 1.0,
                                                                                                            raw: Some(
                                                                                                                "1",
                                                                                                            ),
                                                                                                            base: Decimal,
                                                                                                        },
                                                                                                    ),
                                                                                                },
                                                                                            ),
                                                                                        },
                                                                                    ),
                                                                                    computed: false,
                                                                                    optional: false,
                                                                                    readonly: false,
                                                                                },
                                                                            ),
                                                                        ],
                                                                    ),
                                                                },
                                                            ),
                                                        ],
                                                    ),
                                                },
                                            ),
                                            arguments: Vec(
                                                [],
                                            ),
                                            optional: false,
                                            pure: false,
                                        },
                                    ),
                                ),
                                kind: Const,
                                definite: false,
                            },
                        ],
                    ),
                    kind: Const,
                    declare: false,
                },
            ),
            ExportDefaultDeclaration(
                ExportDefaultDeclaration {
                    span: Span {
                        start: 0,
                        end: 0,
                    },
                    declaration: ObjectExpression(
                        ObjectExpression {
                            span: Span {
                                start: 0,
                                end: 0,
                            },
                            properties: Vec(
                                [
                                    ObjectProperty(
                                        ObjectProperty {
                                            span: Span {
                                                start: 0,
                                                end: 0,
                                            },
                                            key: StaticIdentifier(
                                                IdentifierName {
                                                    span: Span {
                                                        start: 0,
                                                        end: 0,
                                                    },
                                                    name: "setup",
                                                },
                                            ),
                                            value: FunctionExpression(
                                                Function {
                                                    span: Span {
                                                        start: 0,
                                                        end: 0,
                                                    },
                                                    id: None,
                                                    type_parameters: None,
                                                    this_param: None,
                                                    params: FormalParameters {
                                                        span: Span {
                                                            start: 0,
                                                            end: 0,
                                                        },
                                                        items: Vec(
                                                            [],
                                                        ),
                                                        rest: None,
                                                        kind: UniqueFormalParameters,
                                                    },
                                                    return_type: None,
                                                    body: Some(
                                                        FunctionBody {
                                                            span: Span {
                                                                start: 0,
                                                                end: 0,
                                                            },
                                                            directives: Vec(
                                                                [],
                                                            ),
                                                            statements: Vec(
                                                                [
                                                                    ReturnStatement(
                                                                        ReturnStatement {
                                                                            span: Span {
                                                                                start: 0,
                                                                                end: 0,
                                                                            },
                                                                            argument: Some(
                                                                                JSXFragment(
                                                                                    JSXFragment {
                                                                                        span: Span {
                                                                                            start: 0,
                                                                                            end: 0,
                                                                                        },
                                                                                        opening_fragment: JSXOpeningFragment {
                                                                                            span: Span {
                                                                                                start: 0,
                                                                                                end: 0,
                                                                                            },
                                                                                        },
                                                                                        children: Vec(
                                                                                            [
                                                                                                Element(
                                                                                                    JSXElement {
                                                                                                        span: Span {
                                                                                                            start: 0,
                                                                                                            end: 71,
                                                                                                        },
                                                                                                        opening_element: JSXOpeningElement {
                                                                                                            span: Span {
                                                                                                                start: 0,
                                                                                                                end: 24,
                                                                                                            },
                                                                                                            name: Identifier(
                                                                                                                JSXIdentifier {
                                                                                                                    span: Span {
                                                                                                                        start: 1,
                                                                                                                        end: 7,
                                                                                                                    },
                                                                                                                    name: "script",
                                                                                                                },
                                                                                                            ),
                                                                                                            type_arguments: None,
                                                                                                            attributes: Vec(
                                                                                                                [
                                                                                                                    Attribute(
                                                                                                                        JSXAttribute {
                                                                                                                            span: Span {
                                                                                                                                start: 8,
                                                                                                                                end: 17,
                                                                                                                            },
                                                                                                                            name: Identifier(
                                                                                                                                JSXIdentifier {
                                                                                                                                    span: Span {
                                                                                                                                        start: 8,
                                                                                                                                        end: 12,
                                                                                                                                    },
                                                                                                                                    name: "lang",
                                                                                                                                },
                                                                                                                            ),
                                                                                                                            value: Some(
                                                                                                                                StringLiteral(
                                                                                                                                    StringLiteral {
                                                                                                                                        span: Span {
                                                                                                                                            start: 14,
                                                                                                                                            end: 16,
                                                                                                                                        },
                                                                                                                                        value: "ts",
                                                                                                                                        raw: None,
                                                                                                                                        lone_surrogates: false,
                                                                                                                                    },
                                                                                                                                ),
                                                                                                                            ),
                                                                                                                        },
                                                                                                                    ),
                                                                                                                    Attribute(
                                                                                                                        JSXAttribute {
                                                                                                                            span: Span {
                                                                                                                                start: 18,
                                                                                                                                end: 23,
                                                                                                                            },
                                                                                                                            name: Identifier(
                                                                                                                                JSXIdentifier {
                                                                                                                                    span: Span {
                                                                                                                                        start: 18,
                                                                                                                                        end: 23,
                                                                                                                                    },
                                                                                                                                    name: "setup",
                                                                                                                                },
                                                                                                                            ),
                                                                                                                            value: None,
                                                                                                                        },
                                                                                                                    ),
                                                                                                                ],
                                                                                                            ),
                                                                                                        },
                                                                                                        children: Vec(
                                                                                                            [],
                                                                                                        ),
                                                                                                        closing_element: Some(
                                                                                                            JSXClosingElement {
                                                                                                                span: Span {
                                                                                                                    start: 62,
                                                                                                                    end: 71,
                                                                                                                },
                                                                                                                name: Identifier(
                                                                                                                    JSXIdentifier {
                                                                                                                        span: Span {
                                                                                                                            start: 64,
                                                                                                                            end: 70,
                                                                                                                        },
                                                                                                                        name: "script",
                                                                                                                    },
                                                                                                                ),
                                                                                                            },
                                                                                                        ),
                                                                                                    },
                                                                                                ),
                                                                                                Element(
                                                                                                    JSXElement {
                                                                                                        span: Span {
                                                                                                            start: 73,
                                                                                                            end: 160,
                                                                                                        },
                                                                                                        opening_element: JSXOpeningElement {
                                                                                                            span: Span {
                                                                                                                start: 73,
                                                                                                                end: 83,
                                                                                                            },
                                                                                                            name: Identifier(
                                                                                                                JSXIdentifier {
                                                                                                                    span: Span {
                                                                                                                        start: 74,
                                                                                                                        end: 82,
                                                                                                                    },
                                                                                                                    name: "template",
                                                                                                                },
                                                                                                            ),
                                                                                                            type_arguments: None,
                                                                                                            attributes: Vec(
                                                                                                                [],
                                                                                                            ),
                                                                                                        },
                                                                                                        children: Vec(
                                                                                                            [
                                                                                                                Text(
                                                                                                                    JSXText {
                                                                                                                        span: Span {
                                                                                                                            start: 83,
                                                                                                                            end: 86,
                                                                                                                        },
                                                                                                                        value: "\n  ",
                                                                                                                        raw: Some(
                                                                                                                            "\n  ",
                                                                                                                        ),
                                                                                                                    },
                                                                                                                ),
                                                                                                                Element(
                                                                                                                    JSXElement {
                                                                                                                        span: Span {
                                                                                                                            start: 86,
                                                                                                                            end: 108,
                                                                                                                        },
                                                                                                                        opening_element: JSXOpeningElement {
                                                                                                                            span: Span {
                                                                                                                                start: 86,
                                                                                                                                end: 91,
                                                                                                                            },
                                                                                                                            name: Identifier(
                                                                                                                                JSXIdentifier {
                                                                                                                                    span: Span {
                                                                                                                                        start: 87,
                                                                                                                                        end: 90,
                                                                                                                                    },
                                                                                                                                    name: "div",
                                                                                                                                },
                                                                                                                            ),
                                                                                                                            type_arguments: None,
                                                                                                                            attributes: Vec(
                                                                                                                                [],
                                                                                                                            ),
                                                                                                                        },
                                                                                                                        children: Vec(
                                                                                                                            [
                                                                                                                                ExpressionContainer(
                                                                                                                                    JSXExpressionContainer {
                                                                                                                                        span: Span {
                                                                                                                                            start: 91,
                                                                                                                                            end: 102,
                                                                                                                                        },
                                                                                                                                        expression: StaticMemberExpression(
                                                                                                                                            StaticMemberExpression {
                                                                                                                                                span: Span {
                                                                                                                                                    start: 94,
                                                                                                                                                    end: 99,
                                                                                                                                                },
                                                                                                                                                object: Identifier(
                                                                                                                                                    IdentifierReference {
                                                                                                                                                        span: Span {
                                                                                                                                                            start: 94,
                                                                                                                                                            end: 95,
                                                                                                                                                        },
                                                                                                                                                        name: "a",
                                                                                                                                                        reference_id: Cell {
                                                                                                                                                            value: None,
                                                                                                                                                        },
                                                                                                                                                    },
                                                                                                                                                ),
                                                                                                                                                property: IdentifierName {
                                                                                                                                                    span: Span {
                                                                                                                                                        start: 96,
                                                                                                                                                        end: 99,
                                                                                                                                                    },
                                                                                                                                                    name: "msg",
                                                                                                                                                },
                                                                                                                                                optional: false,
                                                                                                                                            },
                                                                                                                                        ),
                                                                                                                                    },
                                                                                                                                ),
                                                                                                                            ],
                                                                                                                        ),
                                                                                                                        closing_element: Some(
                                                                                                                            JSXClosingElement {
                                                                                                                                span: Span {
                                                                                                                                    start: 102,
                                                                                                                                    end: 108,
                                                                                                                                },
                                                                                                                                name: Identifier(
                                                                                                                                    JSXIdentifier {
                                                                                                                                        span: Span {
                                                                                                                                            start: 104,
                                                                                                                                            end: 107,
                                                                                                                                        },
                                                                                                                                        name: "div",
                                                                                                                                    },
                                                                                                                                ),
                                                                                                                            },
                                                                                                                        ),
                                                                                                                    },
                                                                                                                ),
                                                                                                                Text(
                                                                                                                    JSXText {
                                                                                                                        span: Span {
                                                                                                                            start: 108,
                                                                                                                            end: 111,
                                                                                                                        },
                                                                                                                        value: "\n  ",
                                                                                                                        raw: Some(
                                                                                                                            "\n  ",
                                                                                                                        ),
                                                                                                                    },
                                                                                                                ),
                                                                                                                Element(
                                                                                                                    JSXElement {
                                                                                                                        span: Span {
                                                                                                                            start: 111,
                                                                                                                            end: 148,
                                                                                                                        },
                                                                                                                        opening_element: JSXOpeningElement {
                                                                                                                            span: Span {
                                                                                                                                start: 111,
                                                                                                                                end: 116,
                                                                                                                            },
                                                                                                                            name: Identifier(
                                                                                                                                JSXIdentifier {
                                                                                                                                    span: Span {
                                                                                                                                        start: 112,
                                                                                                                                        end: 115,
                                                                                                                                    },
                                                                                                                                    name: "div",
                                                                                                                                },
                                                                                                                            ),
                                                                                                                            type_arguments: None,
                                                                                                                            attributes: Vec(
                                                                                                                                [],
                                                                                                                            ),
                                                                                                                        },
                                                                                                                        children: Vec(
                                                                                                                            [
                                                                                                                                Text(
                                                                                                                                    JSXText {
                                                                                                                                        span: Span {
                                                                                                                                            start: 116,
                                                                                                                                            end: 142,
                                                                                                                                        },
                                                                                                                                        value: " I think 1 < 2, isn't it? ",
                                                                                                                                        raw: Some(
                                                                                                                                            " I think 1 < 2, isn't it? ",
                                                                                                                                        ),
                                                                                                                                    },
                                                                                                                                ),
                                                                                                                            ],
                                                                                                                        ),
                                                                                                                        closing_element: Some(
                                                                                                                            JSXClosingElement {
                                                                                                                                span: Span {
                                                                                                                                    start: 142,
                                                                                                                                    end: 148,
                                                                                                                                },
                                                                                                                                name: Identifier(
                                                                                                                                    JSXIdentifier {
                                                                                                                                        span: Span {
                                                                                                                                            start: 144,
                                                                                                                                            end: 147,
                                                                                                                                        },
                                                                                                                                        name: "div",
                                                                                                                                    },
                                                                                                                                ),
                                                                                                                            },
                                                                                                                        ),
                                                                                                                    },
                                                                                                                ),
                                                                                                                Text(
                                                                                                                    JSXText {
                                                                                                                        span: Span {
                                                                                                                            start: 148,
                                                                                                                            end: 149,
                                                                                                                        },
                                                                                                                        value: "\n",
                                                                                                                        raw: Some(
                                                                                                                            "\n",
                                                                                                                        ),
                                                                                                                    },
                                                                                                                ),
                                                                                                            ],
                                                                                                        ),
                                                                                                        closing_element: Some(
                                                                                                            JSXClosingElement {
                                                                                                                span: Span {
                                                                                                                    start: 149,
                                                                                                                    end: 160,
                                                                                                                },
                                                                                                                name: Identifier(
                                                                                                                    JSXIdentifier {
                                                                                                                        span: Span {
                                                                                                                            start: 151,
                                                                                                                            end: 159,
                                                                                                                        },
                                                                                                                        name: "template",
                                                                                                                    },
                                                                                                                ),
                                                                                                            },
                                                                                                        ),
                                                                                                    },
                                                                                                ),
                                                                                            ],
                                                                                        ),
                                                                                        closing_fragment: JSXClosingFragment {
                                                                                            span: Span {
                                                                                                start: 0,
                                                                                                end: 0,
                                                                                            },
                                                                                        },
                                                                                    },
                                                                                ),
                                                                            ),
                                                                        },
                                                                    ),
                                                                ],
                                                            ),
                                                        },
                                                    ),
                                                    scope_id: Cell {
                                                        value: None,
                                                    },
                                                    type: FunctionExpression,
                                                    generator: false,
                                                    async: false,
                                                    declare: false,
                                                    pure: false,
                                                    pife: false,
                                                },
                                            ),
                                            kind: Init,
                                            method: true,
                                            shorthand: false,
                                            computed: false,
                                        },
                                    ),
                                ],
                            ),
                        },
                    ),
                },
            ),
        ],
    ),
    scope_id: Cell {
        value: None,
    },
    source_type: SourceType {
        language: TypeScript,
        module_kind: Module,
        variant: Jsx,
    },
}
Errors: []
JS: const a = someFunction<{
	msg: 1;
}>();
export default { setup() {
	return <><script lang="ts" setup></script><template>
  <div>{a.msg}</div>
  <div> I think 1 < 2, isn't it? </div>
</template></>;
} };

Node Locations:
Slice: "<script lang=\"ts\" setup>\nconst a = someF..[OMIT]..ink 1 < 2, isn't it? </div>\n</template>\n"; 
Span: (0, 161); 
Type: Program; 

Slice: "const a = someFunction<{ msg: 1 }>()"; 
Span: (25, 61); 
Type: VariableDeclaration; 

Slice: "a = someFunction<{ msg: 1 }>()"; 
Span: (31, 61); 
Type: VariableDeclarator; 

Slice: "a"; 
Span: (31, 32); 
Type: BindingIdentifier; 

Slice: "someFunction<{ msg: 1 }>()"; 
Span: (35, 61); 
Type: CallExpression; 

Slice: "someFunction"; 
Span: (35, 47); 
Type: IdentifierReference; 

Slice: "<{ msg: 1 }>"; 
Span: (47, 59); 
Type: TSTypeParameterInstantiation; 

Slice: "{ msg: 1 }"; 
Span: (48, 58); 
Type: TSTypeLiteral; 

Slice: "msg: 1"; 
Span: (50, 56); 
Type: TSPropertySignature; 

Slice: "msg"; 
Span: (50, 53); 
Type: IdentifierName; 

Slice: ": 1"; 
Span: (53, 56); 
Type: TSTypeAnnotation; 

Slice: "1"; 
Span: (55, 56); 
Type: TSLiteralType; 

Slice: "1"; 
Span: (55, 56); 
Type: NumericLiteral; 

Slice: "<script lang=\"ts\" setup>\nconst a = someFunction<{ msg: 1 }>()\n</script>"; 
Span: (0, 71); 
Type: JSXElement; 

Slice: "<script lang=\"ts\" setup>"; 
Span: (0, 24); 
Type: JSXOpeningElement; 

Slice: "script"; 
Span: (1, 7); 
Type: JSXIdentifier; 

Slice: "lang=\"ts\""; 
Span: (8, 17); 
Type: JSXAttribute; 

Slice: "lang"; 
Span: (8, 12); 
Type: JSXIdentifier; 

Slice: "ts"; 
Span: (14, 16); 
Type: StringLiteral; 

Slice: "setup"; 
Span: (18, 23); 
Type: JSXAttribute; 

Slice: "setup"; 
Span: (18, 23); 
Type: JSXIdentifier; 

Slice: "</script>"; 
Span: (62, 71); 
Type: JSXClosingElement; 

Slice: "script"; 
Span: (64, 70); 
Type: JSXIdentifier; 

Slice: "<template>\n  <div>{{ a.msg }}</div>\n  <d..[OMIT]..hink 1 < 2, isn't it? </div>\n</template>"; 
Span: (73, 160); 
Type: JSXElement; 

Slice: "<template>"; 
Span: (73, 83); 
Type: JSXOpeningElement; 

Slice: "template"; 
Span: (74, 82); 
Type: JSXIdentifier; 

Slice: "\n  "; 
Span: (83, 86); 
Type: JSXText; 

Slice: "<div>{{ a.msg }}</div>"; 
Span: (86, 108); 
Type: JSXElement; 

Slice: "<div>"; 
Span: (86, 91); 
Type: JSXOpeningElement; 

Slice: "div"; 
Span: (87, 90); 
Type: JSXIdentifier; 

Slice: "{{ a.msg }}"; 
Span: (91, 102); 
Type: JSXExpressionContainer; 

Slice: "a.msg"; 
Span: (94, 99); 
Type: StaticMemberExpression; 

Slice: "a"; 
Span: (94, 95); 
Type: IdentifierReference; 

Slice: "msg"; 
Span: (96, 99); 
Type: IdentifierName; 

Slice: "</div>"; 
Span: (102, 108); 
Type: JSXClosingElement; 

Slice: "div"; 
Span: (104, 107); 
Type: JSXIdentifier; 

Slice: "\n  "; 
Span: (108, 111); 
Type: JSXText; 

Slice: "<div> I think 1 < 2, isn't it? </div>"; 
Span: (111, 148); 
Type: JSXElement; 

Slice: "<div>"; 
Span: (111, 116); 
Type: JSXOpeningElement; 

Slice: "div"; 
Span: (112, 115); 
Type: JSXIdentifier; 

Slice: " I think 1 < 2, isn't it? "; 
Span: (116, 142); 
Type: JSXText; 

Slice: "</div>"; 
Span: (142, 148); 
Type: JSXClosingElement; 

Slice: "div"; 
Span: (144, 147); 
Type: JSXIdentifier; 

Slice: "\n"; 
Span: (148, 149); 
Type: JSXText; 

Slice: "</template>"; 
Span: (149, 160); 
Type: JSXClosingElement; 

Slice: "template"; 
Span: (151, 159); 
Type: JSXIdentifier;
